// Jest Snapshot v1, https://goo.gl/fbAQLP

exports[`Component: Items should render correctly 1`] = `
<q
  bordered={true}
  defaultActiveKey={
    Array [
      "1",
    ]
  }
/>
`;
